// Jest Snapshot v1, https://goo.gl/fbAQLP

exports[`Es hora de las instantaneas Permitimos o tenemos excepcion 1`] = `
Object {
  "id": Any<Number>,
  "name": "Hernaldo Alvarez",
}
`;

exports[`Es hora de las instantaneas Snapshot 1`] = `
Object {
  "gender": "Male",
  "id": 1,
  "name": "Rick Sanchez",
  "species": "Human",
  "status": "Alive",
}
`;

exports[`Es hora de las instantaneas siempre fallara la instantanea 1`] = `
Object {
  "createAt": 2021-06-01T18:37:12.529Z,
  "id": 15,
}
`;
